#! /c/Source/iverilog-install/bin/vvp
:ivl_version "12.0 (devel)" "(s20150603-1539-g2693dd32b)";
:ivl_delay_selection "TYPICAL";
:vpi_time_precision + 0;
:vpi_module "C:\Users\pocht\scoop\apps\iverilog\current\lib\ivl\system.vpi";
:vpi_module "C:\Users\pocht\scoop\apps\iverilog\current\lib\ivl\vhdl_sys.vpi";
:vpi_module "C:\Users\pocht\scoop\apps\iverilog\current\lib\ivl\vhdl_textio.vpi";
:vpi_module "C:\Users\pocht\scoop\apps\iverilog\current\lib\ivl\v2005_math.vpi";
:vpi_module "C:\Users\pocht\scoop\apps\iverilog\current\lib\ivl\va_math.vpi";
:vpi_module "C:\Users\pocht\scoop\apps\iverilog\current\lib\ivl\v2009.vpi";
S_000001eaa8b55f80 .scope package, "$unit" "$unit" 2 1;
 .timescale 0 0;
S_000001eaa8b56110 .scope package, "test" "test" 3 1;
 .timescale 0 0;
C000001eaa8b56e20  .class "CPU" [1]
   0: "number", "sb32"
 ;
S_000001eaa8b51fc0 .scope class, "CPU" "CPU" 3 2, 3 2 0, S_000001eaa8b56110;
 .timescale 0 0;
S_000001eaa8b52150 .scope autofunction.void, "display" "display" 3 10, 3 10 0, S_000001eaa8b51fc0;
 .timescale 0 0;
v000001eaa8b522e0_0 .var/cobj "@";
TD_test.CPU.display ;
    %load/obj v000001eaa8b522e0_0;
    %prop/v 0;
    %pop/obj 1, 0;
    %vpi_call/w 3 11 "$display", "This is CPU %d", S<0,vec4,s32> {1 0 0};
    %end;
S_000001eaa8b52380 .scope autofunction.obj, "new" "new" 3 5, 3 5 0, S_000001eaa8b51fc0;
 .timescale 0 0;
v000001eaa8b52510_0 .var/cobj "@";
v000001eaa8b525b0_0 .var/2s "number", 31 0;
TD_test.CPU.new ;
    %load/obj v000001eaa8b52510_0;
    %prop/v 0;
    %pop/obj 1, 0;
    %load/obj v000001eaa8b52510_0;
    %store/prop/v 0, 32; Store in bool property number
    %pop/obj 1, 0;
    %end;
S_000001eaa89d9bf0 .scope module, "ok" "ok" 4 4;
 .timescale 0 0;
v000001eaa8b52880_0 .var/cobj "cpu";
S_000001eaa8b52650 .scope begin, "$unm_blk_1" "$unm_blk_1" 4 7, 4 7 0, S_000001eaa89d9bf0;
 .timescale 0 0;
v000001eaa8b527e0_0 .var/2u "p", 63 0;
    .scope S_000001eaa89d9bf0;
T_2 ;
    %fork t_1, S_000001eaa8b52650;
    %jmp t_0;
    .scope S_000001eaa8b52650;
t_1 ;
    %pushi/vec4 1, 0, 32;
    %ix/load 4, 32, 0;
    %flag_set/imm 4, 0;
    %store/vec4 v000001eaa8b527e0_0, 4, 32;
    %pushi/vec4 2, 0, 32;
    %ix/load 4, 0, 0;
    %flag_set/imm 4, 0;
    %store/vec4 v000001eaa8b527e0_0, 4, 32;
    %load/vec4 v000001eaa8b527e0_0;
    %parti/u 32, 32, 32;
    %load/vec4 v000001eaa8b527e0_0;
    %parti/u 32, 0, 32;
    %vpi_call/w 4 11 "$display", "%d %d", S<1,vec4,s32>, S<0,vec4,s32> {2 0 0};
    %alloc S_000001eaa8b52380;
    %new/cobj C000001eaa8b56e20;
    %pushi/vec4 1, 0, 32;
    %store/vec4 v000001eaa8b525b0_0, 0, 32;
    %store/obj v000001eaa8b52510_0;
    %callf/obj TD_test.CPU.new, S_000001eaa8b52380;
    %load/obj v000001eaa8b52510_0;
    %free S_000001eaa8b52380;
    %store/obj v000001eaa8b52880_0;
    %alloc S_000001eaa8b52150;
    %load/obj v000001eaa8b52880_0;
    %store/obj v000001eaa8b522e0_0;
    %callf/void TD_test.CPU.display, S_000001eaa8b52150;
    %free S_000001eaa8b52150;
    %end;
    .scope S_000001eaa89d9bf0;
t_0 %join;
    %end;
    .thread T_2;
# The file index is used to find the file name in the following table.
:file_names 5;
    "N/A";
    "<interactive>";
    "-";
    "./pack.sv";
    ".\test.sv";
